// Jest Snapshot v1, https://goo.gl/fbAQLP

exports[`snapshot 1`] = `
<div>
  <form
    class="form-wrapper"
  >
    <div
      class="full-input"
    >
      <label>
        Name
        <input
          type="text"
          value=""
        />
      </label>
    </div>
    <div
      class="loading"
    />
    <div
      class="list"
    />
    <input
      class="button"
      disabled=""
      type="submit"
      value="Submit"
    />
  </form>
  <div>
    Submitted Value: 
    
  </div>
</div>
`;
